Archive member included to satisfy reference by file (symbol)

05_drivers/libdrivers.a(drv_led.c.obj)
                              01_app/CMakeFiles/STM32F103.elf.dir/main.c.obj (drv_alarm_led_on)
02_libs/libstdperiph.a(stm32f10x_gpio.c.obj)
                              04_bsp/CMakeFiles/bsp.dir/src/bsp_gpio.c.obj (GPIO_Init)
02_libs/libstdperiph.a(stm32f10x_rcc.c.obj)
                              02_libs/libstdperiph.a(stm32f10x_gpio.c.obj) (RCC_APB2PeriphResetCmd)
02_libs/libstdperiph.a(system_stm32f10x.c.obj)
                              06_startup/CMakeFiles/startup.dir/startup_stm32f10x_md.s.obj (SystemInit)

There are no discarded input sections

Memory Configuration

Name             Origin             Length             Attributes
FLASH            0x08000000         0x00040000         xr
RAM              0x20000000         0x00010000         xrw
MEMORY_B1        0x60000000         0x00000000         xr
*default*        0x00000000         0xffffffff

Linker script and memory map

LOAD 04_bsp/CMakeFiles/bsp.dir/src/board_init.c.obj
LOAD 04_bsp/CMakeFiles/bsp.dir/src/bsp_gpio.c.obj
LOAD 04_bsp/CMakeFiles/bsp.dir/src/led_gpio.c.obj
LOAD 06_startup/CMakeFiles/startup.dir/startup_stm32f10x_md.s.obj
LOAD 01_app/CMakeFiles/STM32F103.elf.dir/main.c.obj
LOAD 05_drivers/libdrivers.a
LOAD 02_libs/libstdperiph.a
                0x20005000                        _estack = 0x20005000
                0x00000000                        _Min_Heap_Size = 0x0
                0x00000200                        _Min_Stack_Size = 0x200

.isr_vector     0x08000000      0x10c
                0x08000000                        . = ALIGN (0x4)
 *(.isr_vector)
 .isr_vector    0x08000000      0x10c 06_startup/CMakeFiles/startup.dir/startup_stm32f10x_md.s.obj
                0x08000000                g_pfnVectors
                0x0800010c                        . = ALIGN (0x4)

.text           0x0800010c     0x1448
                0x0800010c                        . = ALIGN (0x4)
 *(.text)
 .text          0x0800010c       0x44 04_bsp/CMakeFiles/bsp.dir/src/board_init.c.obj
                0x0800010c                board_init
 .text          0x08000150      0x184 04_bsp/CMakeFiles/bsp.dir/src/bsp_gpio.c.obj
                0x08000192                hal_gpio_init
                0x08000260                hal_gpio_write
                0x08000298                hal_gpio_toggle
 .text          0x080002d4      0x128 04_bsp/CMakeFiles/bsp.dir/src/led_gpio.c.obj
                0x0800031c                led_gpio_init
 .text          0x080003fc       0x14 06_startup/CMakeFiles/startup.dir/startup_stm32f10x_md.s.obj
 .text          0x08000410        0xe 01_app/CMakeFiles/STM32F103.elf.dir/main.c.obj
                0x08000410                main
 *fill*         0x0800041e        0x2 
 .text          0x08000420       0x98 05_drivers/libdrivers.a(drv_led.c.obj)
                0x08000488                drv_alarm_led_on
                0x080004a0                drv_alarm_led_off
 .text          0x080004b8      0x5d8 02_libs/libstdperiph.a(stm32f10x_gpio.c.obj)
                0x080004b8                GPIO_DeInit
                0x0800059c                GPIO_AFIODeInit
                0x080005b4                GPIO_Init
                0x0800072c                GPIO_StructInit
                0x08000752                GPIO_ReadInputDataBit
                0x08000784                GPIO_ReadInputData
                0x0800079c                GPIO_ReadOutputDataBit
                0x080007ce                GPIO_ReadOutputData
                0x080007e6                GPIO_SetBits
                0x08000802                GPIO_ResetBits
                0x0800081e                GPIO_WriteBit
                0x0800084c                GPIO_Write
                0x08000868                GPIO_PinLockConfig
                0x080008aa                GPIO_EventOutputConfig
                0x080008f4                GPIO_EventOutputCmd
                0x08000914                GPIO_PinRemapConfig
                0x080009f4                GPIO_EXTILineConfig
                0x08000a74                GPIO_ETH_MediaInterfaceConfig
 .text          0x08000a90      0x7dc 02_libs/libstdperiph.a(stm32f10x_rcc.c.obj)
                0x08000a90                RCC_DeInit
                0x08000aec                RCC_HSEConfig
                0x08000b48                RCC_WaitForHSEStartUp
                0x08000b98                RCC_AdjustHSICalibrationValue
                0x08000bd4                RCC_HSICmd
                0x08000bf4                RCC_PLLConfig
                0x08000c30                RCC_PLLCmd
                0x08000c50                RCC_SYSCLKConfig
                0x08000c88                RCC_GetSYSCLKSource
                0x08000ca4                RCC_HCLKConfig
                0x08000cdc                RCC_PCLK1Config
                0x08000d14                RCC_PCLK2Config
                0x08000d4c                RCC_ITConfig
                0x08000d98                RCC_USBCLKConfig
                0x08000db4                RCC_ADCCLKConfig
                0x08000dec                RCC_LSEConfig
                0x08000e2c                RCC_LSICmd
                0x08000e4c                RCC_RTCCLKConfig
                0x08000e70                RCC_RTCCLKCmd
                0x08000e90                RCC_GetClocksFreq
                0x08000ffc                RCC_AHBPeriphClockCmd
                0x08001038                RCC_APB2PeriphClockCmd
                0x08001074                RCC_APB1PeriphClockCmd
                0x080010b0                RCC_APB2PeriphResetCmd
                0x080010ec                RCC_APB1PeriphResetCmd
                0x08001128                RCC_BackupResetCmd
                0x08001148                RCC_ClockSecuritySystemCmd
                0x08001168                RCC_MCOConfig
                0x08001188                RCC_GetFlagStatus
                0x080011fc                RCC_ClearFlag
                0x08001218                RCC_GetITStatus
                0x0800124c                RCC_ClearITPendingBit
 .text          0x0800126c      0x258 02_libs/libstdperiph.a(system_stm32f10x.c.obj)
                0x0800126c                SystemInit
                0x080012d4                SystemCoreClockUpdate
 *(.text*)
 .text.Reset_Handler
                0x080014c4       0x44 06_startup/CMakeFiles/startup.dir/startup_stm32f10x_md.s.obj
                0x080014c4                Reset_Handler
 .text.Default_Handler
                0x08001508        0x2 06_startup/CMakeFiles/startup.dir/startup_stm32f10x_md.s.obj
                0x08001508                EXTI2_IRQHandler
                0x08001508                DebugMon_Handler
                0x08001508                TIM1_CC_IRQHandler
                0x08001508                HardFault_Handler
                0x08001508                SysTick_Handler
                0x08001508                PVD_IRQHandler
                0x08001508                PendSV_Handler
                0x08001508                NMI_Handler
                0x08001508                EXTI3_IRQHandler
                0x08001508                EXTI0_IRQHandler
                0x08001508                I2C2_EV_IRQHandler
                0x08001508                UsageFault_Handler
                0x08001508                ADC1_2_IRQHandler
                0x08001508                SPI1_IRQHandler
                0x08001508                TAMPER_IRQHandler
                0x08001508                DMA1_Channel4_IRQHandler
                0x08001508                USART3_IRQHandler
                0x08001508                RTC_IRQHandler
                0x08001508                DMA1_Channel7_IRQHandler
                0x08001508                CAN1_RX1_IRQHandler
                0x08001508                TIM4_IRQHandler
                0x08001508                I2C1_EV_IRQHandler
                0x08001508                DMA1_Channel6_IRQHandler
                0x08001508                TIM3_IRQHandler
                0x08001508                RCC_IRQHandler
                0x08001508                TIM1_TRG_COM_IRQHandler
                0x08001508                DMA1_Channel1_IRQHandler
                0x08001508                Default_Handler
                0x08001508                EXTI15_10_IRQHandler
                0x08001508                EXTI9_5_IRQHandler
                0x08001508                SPI2_IRQHandler
                0x08001508                MemManage_Handler
                0x08001508                SVC_Handler
                0x08001508                DMA1_Channel5_IRQHandler
                0x08001508                EXTI4_IRQHandler
                0x08001508                USB_LP_CAN1_RX0_IRQHandler
                0x08001508                USB_HP_CAN1_TX_IRQHandler
                0x08001508                DMA1_Channel3_IRQHandler
                0x08001508                TIM1_UP_IRQHandler
                0x08001508                WWDG_IRQHandler
                0x08001508                TIM2_IRQHandler
                0x08001508                TIM1_BRK_IRQHandler
                0x08001508                EXTI1_IRQHandler
                0x08001508                RTCAlarm_IRQHandler
                0x08001508                USART2_IRQHandler
                0x08001508                I2C2_ER_IRQHandler
                0x08001508                DMA1_Channel2_IRQHandler
                0x08001508                CAN1_SCE_IRQHandler
                0x08001508                FLASH_IRQHandler
                0x08001508                BusFault_Handler
                0x08001508                USART1_IRQHandler
                0x08001508                I2C1_ER_IRQHandler
                0x08001508                USBWakeUp_IRQHandler
 *(.rodata)
 *fill*         0x0800150a        0x2 
 .rodata        0x0800150c       0x23 04_bsp/CMakeFiles/bsp.dir/src/led_gpio.c.obj
 *fill*         0x0800152f        0x1 
 .rodata        0x08001530       0x14 02_libs/libstdperiph.a(stm32f10x_rcc.c.obj)
 .rodata        0x08001544       0x10 02_libs/libstdperiph.a(system_stm32f10x.c.obj)
                0x08001544                AHBPrescTable
 *(.rodata*)
 *(.glue_7)
 .glue_7        0x08001554        0x0 linker stubs
 *(.glue_7t)
 .glue_7t       0x08001554        0x0 linker stubs
 *(.init)
 *(.fini)
                0x08001554                        . = ALIGN (0x4)
                0x08001554                        _etext = .

.vfp11_veneer   0x08001554        0x0
 .vfp11_veneer  0x08001554        0x0 linker stubs

.v4_bx          0x08001554        0x0
 .v4_bx         0x08001554        0x0 linker stubs

.iplt           0x08001554        0x0
 .iplt          0x08001554        0x0 04_bsp/CMakeFiles/bsp.dir/src/board_init.c.obj

.device_reg     0x08001554       0x10
                0x08001554                        . = ALIGN (0x4)
                0x08001554                        __device_reg_start = .
 *(.device_reg)
 .device_reg    0x08001554       0x10 04_bsp/CMakeFiles/bsp.dir/src/led_gpio.c.obj
                0x08001554                __device_reg_alarm_led_init_wrapper
                0x0800155c                __device_reg_status_led_init_wrapper
                0x08001564                        __device_reg_end = .

.rel.dyn        0x08001564        0x0
 .rel.iplt      0x08001564        0x0 04_bsp/CMakeFiles/bsp.dir/src/board_init.c.obj

.ARM.extab
 *(.ARM.extab* .gnu.linkonce.armextab.*)

.ARM            0x08001564        0x0
                0x08001564                        __exidx_start = .
 *(.ARM.exidx*)
                0x08001564                        __exidx_end = .

.ARM.attributes
                0x08001564       0x2b
 *(.ARM.attributes)
 .ARM.attributes
                0x08001564       0x2d 04_bsp/CMakeFiles/bsp.dir/src/board_init.c.obj
 .ARM.attributes
                0x08001591       0x2d 04_bsp/CMakeFiles/bsp.dir/src/bsp_gpio.c.obj
 .ARM.attributes
                0x080015be       0x2d 04_bsp/CMakeFiles/bsp.dir/src/led_gpio.c.obj
 .ARM.attributes
                0x080015eb       0x21 06_startup/CMakeFiles/startup.dir/startup_stm32f10x_md.s.obj
 .ARM.attributes
                0x0800160c       0x2d 01_app/CMakeFiles/STM32F103.elf.dir/main.c.obj
 .ARM.attributes
                0x08001639       0x2d 05_drivers/libdrivers.a(drv_led.c.obj)
 .ARM.attributes
                0x08001666       0x2d 02_libs/libstdperiph.a(stm32f10x_gpio.c.obj)
 .ARM.attributes
                0x08001693       0x2d 02_libs/libstdperiph.a(stm32f10x_rcc.c.obj)
 .ARM.attributes
                0x080016c0       0x2d 02_libs/libstdperiph.a(system_stm32f10x.c.obj)

.preinit_array  0x08001564        0x0
                [!provide]                        PROVIDE (__preinit_array_start = .)
 *(.preinit_array*)
                [!provide]                        PROVIDE (__preinit_array_end = .)

.init_array     0x08001564        0x0
                [!provide]                        PROVIDE (__init_array_start = .)
 *(SORT_BY_NAME(.init_array.*))
 *(.init_array*)
                [!provide]                        PROVIDE (__init_array_end = .)

.fini_array     0x08001564        0x0
                [!provide]                        PROVIDE (__fini_array_start = .)
 *(.fini_array*)
 *(SORT_BY_NAME(.fini_array.*))
                [!provide]                        PROVIDE (__fini_array_end = .)
                0x080016ed                        _sidata = .

.data           0x20000000        0x4 load address 0x080016ed
                0x20000000                        . = ALIGN (0x4)
                0x20000000                        _sdata = .
 *(.data)
 .data          0x20000000        0x0 04_bsp/CMakeFiles/bsp.dir/src/board_init.c.obj
 .data          0x20000000        0x0 04_bsp/CMakeFiles/bsp.dir/src/bsp_gpio.c.obj
 .data          0x20000000        0x0 04_bsp/CMakeFiles/bsp.dir/src/led_gpio.c.obj
 .data          0x20000000        0x0 06_startup/CMakeFiles/startup.dir/startup_stm32f10x_md.s.obj
 .data          0x20000000        0x0 01_app/CMakeFiles/STM32F103.elf.dir/main.c.obj
 .data          0x20000000        0x0 05_drivers/libdrivers.a(drv_led.c.obj)
 .data          0x20000000        0x0 02_libs/libstdperiph.a(stm32f10x_gpio.c.obj)
 .data          0x20000000        0x0 02_libs/libstdperiph.a(stm32f10x_rcc.c.obj)
 .data          0x20000000        0x4 02_libs/libstdperiph.a(system_stm32f10x.c.obj)
                0x20000000                SystemCoreClock
 *(.data*)
                0x20000004                        . = ALIGN (0x4)
                0x20000004                        _edata = .

.igot.plt       0x20000004        0x0 load address 0x080016f4
 .igot.plt      0x20000004        0x0 04_bsp/CMakeFiles/bsp.dir/src/board_init.c.obj
                0x20000004                        . = ALIGN (0x4)

.bss            0x20000004      0x108 load address 0x080016f4
                0x20000004                        _sbss = .
                0x20000004                        __bss_start__ = _sbss
 *(.bss)
 .bss           0x20000004        0x8 04_bsp/CMakeFiles/bsp.dir/src/board_init.c.obj
                0x20000004                board_device_table
 .bss           0x2000000c        0x0 04_bsp/CMakeFiles/bsp.dir/src/bsp_gpio.c.obj
 .bss           0x2000000c      0x100 04_bsp/CMakeFiles/bsp.dir/src/led_gpio.c.obj
 .bss           0x2000010c        0x0 06_startup/CMakeFiles/startup.dir/startup_stm32f10x_md.s.obj
 .bss           0x2000010c        0x0 01_app/CMakeFiles/STM32F103.elf.dir/main.c.obj
 .bss           0x2000010c        0x0 05_drivers/libdrivers.a(drv_led.c.obj)
 .bss           0x2000010c        0x0 02_libs/libstdperiph.a(stm32f10x_gpio.c.obj)
 .bss           0x2000010c        0x0 02_libs/libstdperiph.a(stm32f10x_rcc.c.obj)
 .bss           0x2000010c        0x0 02_libs/libstdperiph.a(system_stm32f10x.c.obj)
 *(.bss*)
 *(COMMON)
                0x2000010c                        . = ALIGN (0x4)
                0x2000010c                        _ebss = .
                0x2000010c                        __bss_end__ = _ebss
                [!provide]                        PROVIDE (end = _ebss)
                [!provide]                        PROVIDE (_end = _ebss)

._user_heap_stack
                0x2000010c      0x200 load address 0x080017fc
                0x2000010c                        . = ALIGN (0x4)
                0x2000010c                        . = (. + _Min_Heap_Size)
                0x2000030c                        . = (. + _Min_Stack_Size)
 *fill*         0x2000010c      0x200 
                0x2000030c                        . = ALIGN (0x4)

.memory_b1_text
 *(.mb1text)
 *(.mb1text*)
 *(.mb1rodata)
 *(.mb1rodata*)

/DISCARD/
 libc.a(*)
 libm.a(*)
 libgcc.a(*)
OUTPUT(01_app\STM32F103.elf elf32-littlearm)
LOAD linker stubs
LOAD E:/VSto STM32/arm-gnu-toolchain-15.2.rel1-mingw-w64-x86_64-arm-none-eabi/bin/../lib/gcc/arm-none-eabi/15.2.1/../../../../arm-none-eabi/lib/thumb/v7-m/nofp\libc.a
LOAD E:/VSto STM32/arm-gnu-toolchain-15.2.rel1-mingw-w64-x86_64-arm-none-eabi/bin/../lib/gcc/arm-none-eabi/15.2.1/../../../../arm-none-eabi/lib/thumb/v7-m/nofp\libm.a
LOAD E:/VSto STM32/arm-gnu-toolchain-15.2.rel1-mingw-w64-x86_64-arm-none-eabi/bin/../lib/gcc/arm-none-eabi/15.2.1/thumb/v7-m/nofp\libgcc.a

.debug_info     0x00000000     0x2196
 .debug_info    0x00000000      0x208 04_bsp/CMakeFiles/bsp.dir/src/board_init.c.obj
 .debug_info    0x00000208      0x400 04_bsp/CMakeFiles/bsp.dir/src/bsp_gpio.c.obj
 .debug_info    0x00000608      0x51f 04_bsp/CMakeFiles/bsp.dir/src/led_gpio.c.obj
 .debug_info    0x00000b27       0x30 06_startup/CMakeFiles/startup.dir/startup_stm32f10x_md.s.obj
 .debug_info    0x00000b57       0x9b 01_app/CMakeFiles/STM32F103.elf.dir/main.c.obj
 .debug_info    0x00000bf2      0x24d 05_drivers/libdrivers.a(drv_led.c.obj)
 .debug_info    0x00000e3f      0x6db 02_libs/libstdperiph.a(stm32f10x_gpio.c.obj)
 .debug_info    0x0000151a      0x859 02_libs/libstdperiph.a(stm32f10x_rcc.c.obj)
 .debug_info    0x00001d73      0x423 02_libs/libstdperiph.a(system_stm32f10x.c.obj)

.debug_abbrev   0x00000000      0xc88
 .debug_abbrev  0x00000000      0x14f 04_bsp/CMakeFiles/bsp.dir/src/board_init.c.obj
 .debug_abbrev  0x0000014f      0x169 04_bsp/CMakeFiles/bsp.dir/src/bsp_gpio.c.obj
 .debug_abbrev  0x000002b8      0x230 04_bsp/CMakeFiles/bsp.dir/src/led_gpio.c.obj
 .debug_abbrev  0x000004e8       0x24 06_startup/CMakeFiles/startup.dir/startup_stm32f10x_md.s.obj
 .debug_abbrev  0x0000050c       0x60 01_app/CMakeFiles/STM32F103.elf.dir/main.c.obj
 .debug_abbrev  0x0000056c      0x15d 05_drivers/libdrivers.a(drv_led.c.obj)
 .debug_abbrev  0x000006c9      0x21b 02_libs/libstdperiph.a(stm32f10x_gpio.c.obj)
 .debug_abbrev  0x000008e4      0x1e7 02_libs/libstdperiph.a(stm32f10x_rcc.c.obj)
 .debug_abbrev  0x00000acb      0x1bd 02_libs/libstdperiph.a(system_stm32f10x.c.obj)

.debug_aranges  0x00000000      0x128
 .debug_aranges
                0x00000000       0x20 04_bsp/CMakeFiles/bsp.dir/src/board_init.c.obj
 .debug_aranges
                0x00000020       0x20 04_bsp/CMakeFiles/bsp.dir/src/bsp_gpio.c.obj
 .debug_aranges
                0x00000040       0x20 04_bsp/CMakeFiles/bsp.dir/src/led_gpio.c.obj
 .debug_aranges
                0x00000060       0x28 06_startup/CMakeFiles/startup.dir/startup_stm32f10x_md.s.obj
 .debug_aranges
                0x00000088       0x20 01_app/CMakeFiles/STM32F103.elf.dir/main.c.obj
 .debug_aranges
                0x000000a8       0x20 05_drivers/libdrivers.a(drv_led.c.obj)
 .debug_aranges
                0x000000c8       0x20 02_libs/libstdperiph.a(stm32f10x_gpio.c.obj)
 .debug_aranges
                0x000000e8       0x20 02_libs/libstdperiph.a(stm32f10x_rcc.c.obj)
 .debug_aranges
                0x00000108       0x20 02_libs/libstdperiph.a(system_stm32f10x.c.obj)

.debug_line     0x00000000     0x1924
 .debug_line    0x00000000      0x126 04_bsp/CMakeFiles/bsp.dir/src/board_init.c.obj
 .debug_line    0x00000126      0x2ed 04_bsp/CMakeFiles/bsp.dir/src/bsp_gpio.c.obj
 .debug_line    0x00000413      0x2d7 04_bsp/CMakeFiles/bsp.dir/src/led_gpio.c.obj
 .debug_line    0x000006ea       0x75 06_startup/CMakeFiles/startup.dir/startup_stm32f10x_md.s.obj
 .debug_line    0x0000075f       0xff 01_app/CMakeFiles/STM32F103.elf.dir/main.c.obj
 .debug_line    0x0000085e      0x26a 05_drivers/libdrivers.a(drv_led.c.obj)
 .debug_line    0x00000ac8      0x52c 02_libs/libstdperiph.a(stm32f10x_gpio.c.obj)
 .debug_line    0x00000ff4      0x616 02_libs/libstdperiph.a(stm32f10x_rcc.c.obj)
 .debug_line    0x0000160a      0x31a 02_libs/libstdperiph.a(system_stm32f10x.c.obj)

.debug_str      0x00000000      0xebe
 .debug_str     0x00000000      0xebe 04_bsp/CMakeFiles/bsp.dir/src/board_init.c.obj
                                0x232 (size before relaxing)
 .debug_str     0x00000ebe        0x0 04_bsp/CMakeFiles/bsp.dir/src/bsp_gpio.c.obj
                                0x3f1 (size before relaxing)
 .debug_str     0x00000ebe        0x0 04_bsp/CMakeFiles/bsp.dir/src/led_gpio.c.obj
                                0x3fb (size before relaxing)
 .debug_str     0x00000ebe        0x0 06_startup/CMakeFiles/startup.dir/startup_stm32f10x_md.s.obj
                                 0x9f (size before relaxing)
 .debug_str     0x00000ebe        0x0 01_app/CMakeFiles/STM32F103.elf.dir/main.c.obj
                                0x16c (size before relaxing)
 .debug_str     0x00000ebe        0x0 05_drivers/libdrivers.a(drv_led.c.obj)
                                0x22c (size before relaxing)
 .debug_str     0x00000ebe        0x0 02_libs/libstdperiph.a(stm32f10x_gpio.c.obj)
                                0x53e (size before relaxing)
 .debug_str     0x00000ebe        0x0 02_libs/libstdperiph.a(stm32f10x_rcc.c.obj)
                                0x628 (size before relaxing)
 .debug_str     0x00000ebe        0x0 02_libs/libstdperiph.a(system_stm32f10x.c.obj)
                                0x2d5 (size before relaxing)

.comment        0x00000000       0x45
 .comment       0x00000000       0x45 04_bsp/CMakeFiles/bsp.dir/src/board_init.c.obj
                                 0x46 (size before relaxing)
 .comment       0x00000045        0x0 04_bsp/CMakeFiles/bsp.dir/src/bsp_gpio.c.obj
                                 0x46 (size before relaxing)
 .comment       0x00000045        0x0 04_bsp/CMakeFiles/bsp.dir/src/led_gpio.c.obj
                                 0x46 (size before relaxing)
 .comment       0x00000045        0x0 01_app/CMakeFiles/STM32F103.elf.dir/main.c.obj
                                 0x46 (size before relaxing)
 .comment       0x00000045        0x0 05_drivers/libdrivers.a(drv_led.c.obj)
                                 0x46 (size before relaxing)
 .comment       0x00000045        0x0 02_libs/libstdperiph.a(stm32f10x_gpio.c.obj)
                                 0x46 (size before relaxing)
 .comment       0x00000045        0x0 02_libs/libstdperiph.a(stm32f10x_rcc.c.obj)
                                 0x46 (size before relaxing)
 .comment       0x00000045        0x0 02_libs/libstdperiph.a(system_stm32f10x.c.obj)
                                 0x46 (size before relaxing)

.debug_frame    0x00000000      0xab4
 .debug_frame   0x00000000       0x34 04_bsp/CMakeFiles/bsp.dir/src/board_init.c.obj
 .debug_frame   0x00000034       0xa4 04_bsp/CMakeFiles/bsp.dir/src/bsp_gpio.c.obj
 .debug_frame   0x000000d8       0xc4 04_bsp/CMakeFiles/bsp.dir/src/led_gpio.c.obj
 .debug_frame   0x0000019c       0x2c 01_app/CMakeFiles/STM32F103.elf.dir/main.c.obj
 .debug_frame   0x000001c8       0x90 05_drivers/libdrivers.a(drv_led.c.obj)
 .debug_frame   0x00000258      0x2d0 02_libs/libstdperiph.a(stm32f10x_gpio.c.obj)
 .debug_frame   0x00000528      0x4f4 02_libs/libstdperiph.a(stm32f10x_rcc.c.obj)
 .debug_frame   0x00000a1c       0x98 02_libs/libstdperiph.a(system_stm32f10x.c.obj)

.debug_line_str
                0x00000000       0x83
 .debug_line_str
                0x00000000       0x83 06_startup/CMakeFiles/startup.dir/startup_stm32f10x_md.s.obj

.debug_rnglists
                0x00000000       0x19
 .debug_rnglists
                0x00000000       0x19 06_startup/CMakeFiles/startup.dir/startup_stm32f10x_md.s.obj
